goodbye earth is the best way to learn
please protect the earth, it's precious
